Load Map - Wed May 29 18:25:23 BST 2019

Main class:       RBv2019
Classes:          70
Interfaces:       10
Methods:          220
Constants:        112
Instance fields:  113
Static fields:    47
Static data size: 174
Code size:        11382
Start address:    8000
End address:      ac75

810c 810d java.lang.Object.<init>()
8112 8125 java.lang.Object.getClass()
812f 8143 java.lang.Object.clone()
814d 8171 java.lang.Object.toString()
8258 8269 java.lang.Thread.run()
826e 8274 java.lang.Thread.setName(java.lang.String)
8278 82a3 java.lang.Thread.sleep(long)
82a7 82ac java.lang.Thread.<clinit>()
82ba 82c0 java.lang.Thread.<init>()
82c4 82dc java.lang.Thread.<init>(java.lang.Runnable)
82e5 8304 java.lang.Thread.<init>(java.lang.Runnable, java.lang.String)
830e 833e java.lang.Thread.toString()
8343 8348 java.lang.Thread.getName()
83a2 83e1 com.ridgesoft.intellibrain.StartupThread.run()
842d 8437 java.lang.String.createString(byte[])
843b 844a java.lang.String.<init>(byte[], int)
844e 845f java.lang.String.<init>()
8463 8478 java.lang.String.<init>(byte[])
847d 8488 java.lang.String.getBytes()
848d 8493 java.lang.String.length()
8498 84ba java.lang.String.getBytes(int, int, byte[], int)
84be 84ee java.lang.String.<init>(char[], int, int)
84f2 851c java.lang.String.<init>(byte[], int, int)
8520 8525 java.lang.String.valueOf(java.lang.Object)
852a 852c java.lang.String.toString()
85c0 86be java.lang.Throwable.vmThrow(int)
86ca 86ef java.lang.Throwable.<init>()
86fc 87a1 java.lang.Throwable.printStackTrace()
87a5 87cc java.lang.Throwable.<clinit>()
87d5 87dd java.lang.Throwable.init()
87e9 882b java.lang.Throwable.<init>(java.lang.String)
88d1 88db java.lang.InternalError.<init>()
88df 88ea java.lang.InternalError.<init>(java.lang.String)
8919 8923 java.lang.OutOfMemoryError.<init>()
8927 8932 java.lang.OutOfMemoryError.<init>(java.lang.String)
8963 896d java.lang.StackOverflowError.<init>()
8971 897c java.lang.StackOverflowError.<init>(java.lang.String)
8df1 8f3d RBv2019.main(java.lang.String[])
8f41 8f7e RBv2019.waitState()
8f82 901c RBv2019.navigateRightState()
9020 908f RBv2019.centerState()
9093 90b7 RBv2019.putOutState()
90bb 910b RBv2019.returnState()
910f 9161 RBv2019.displayState(int)
9165 9175 RBv2019.checkStopButton(int)
9179 917e RBv2019.<clinit>()
9182 9193 RBv2019.stop()
9197 91da RBv2019.displayFlameSensorData(int)
91de 91fd RBv2019.maneuverToCorrectDirection()
9201 9215 RBv2019.maneuverToExitWhiteCircle()
9219 9239 RBv2019.getDistance(com.ridgesoft.robotics.RangeFinder)
923d 925d RBv2019.rotateAngle(int)
9261 92b1 RBv2019.checkBumpers()
92b5 92cc RBv2019.move(int, int)
92d0 92fc RBv2019.getFloorTag()
9300 9313 RBv2019.maneuverToReturnBack()
931f 932d RBv2019.wait(int)
9331 9386 RBv2019.maneuverToGoToNextRoom()
938a 939e RBv2019.rotate(int)
93a2 93bb RBv2019.maneuverPutOut()
93ef 9405 java.io.OutputStream.write(byte[])
940f 9410 java.io.OutputStream.flush()
9415 9433 java.io.OutputStream.write(byte[], int, int)
946e 9478 java.io.FilterOutputStream.<init>(java.io.OutputStream)
947d 9486 java.io.FilterOutputStream.write(byte[])
948b 9494 java.io.FilterOutputStream.write(int)
9499 94a1 java.io.FilterOutputStream.flush()
94a6 94b1 java.io.FilterOutputStream.write(byte[], int, int)
94e4 94ef java.io.PrintStream.<init>(java.io.OutputStream)
94f4 94fe java.io.PrintStream.println(java.lang.String)
950b 9522 java.io.PrintStream.print(java.lang.String)
952f 9549 java.io.PrintStream.println()
9583 9592 com.ridgesoft.io.OutputStreamTee.<init>(java.io.OutputStream, java.io.OutputStream)
95a6 95bf com.ridgesoft.io.OutputStreamTee.write(byte[])
95d3 95ec com.ridgesoft.io.OutputStreamTee.write(int)
9600 9617 com.ridgesoft.io.OutputStreamTee.flush()
962b 9648 com.ridgesoft.io.OutputStreamTee.write(byte[], int, int)
9697 96fa com.ridgesoft.io.DisplayOutputStream.<init>(com.ridgesoft.io.Display)
96fe 970b com.ridgesoft.io.DisplayOutputStream.<clinit>()
9710 9719 com.ridgesoft.io.DisplayOutputStream.write(byte[])
971e 976b com.ridgesoft.io.DisplayOutputStream.write(int)
9770 979c com.ridgesoft.io.DisplayOutputStream.flush()
97a1 97ad com.ridgesoft.io.DisplayOutputStream.write(byte[], int, int)
97b1 982f com.ridgesoft.io.DisplayOutputStream.scroll()
9878 987d com.ridgesoft.vm.DebugOutputStream.<clinit>()
9882 988b com.ridgesoft.vm.DebugOutputStream.write(byte[])
9890 98d9 com.ridgesoft.vm.DebugOutputStream.write(int)
98e6 9907 com.ridgesoft.vm.DebugOutputStream.flush()
990c 9918 com.ridgesoft.vm.DebugOutputStream.write(byte[], int, int)
993b 993f com.ridgesoft.vm.VM.getDebugOutputStream()
9957 9966 com.ridgesoft.vm.VM.<clinit>()
996a 9979 com.ridgesoft.vm.VM.isSet(int, int)
99cf 99e6 com.ridgesoft.intellibrain.IntelliBrain.getOutputStream()
99ea 9a2d com.ridgesoft.intellibrain.IntelliBrain.getServo(int)
9a31 9ac6 com.ridgesoft.intellibrain.IntelliBrain.getDigitalIO(int)
9aca 9ade com.ridgesoft.intellibrain.IntelliBrain.getLcdDisplay()
9ae2 9b57 com.ridgesoft.intellibrain.IntelliBrain.getAnalogInput(int)
9b5b 9ba5 com.ridgesoft.intellibrain.IntelliBrain.getMotor(int)
9ba9 9c64 com.ridgesoft.intellibrain.IntelliBrain.getPinPortData(byte)
9c68 9c6f com.ridgesoft.intellibrain.IntelliBrain.<clinit>()
9c7b 9d21 com.ridgesoft.intellibrain.IntelliBrain.initialize()
9d52 9d57 java.lang.System.setOut(java.io.PrintStream)
9d5b 9d60 java.lang.System.setErr(java.io.PrintStream)
9dcf 9de3 ContinuousRotationServo.<init>(com.ridgesoft.robotics.Servo, boolean, int)
9de8 9e2b ContinuousRotationServo.setPower(int)
9e30 9e3a ContinuousRotationServo.stop()
9e9f 9eb1 com.ridgesoft.robotics.SonarRangeFinder.getDistanceCm()
9eed 9f01 com.ridgesoft.robotics.sensors.ParallaxPing.<init>(com.ridgesoft.robotics.PulseInput)
9f06 9f15 com.ridgesoft.robotics.sensors.ParallaxPing.ping()
9f1a 9f35 com.ridgesoft.robotics.sensors.ParallaxPing.getEchoDelay()
9f80 9fb1 com.ridgesoft.intellibrain.IntelliBrainPinPort.setPullUp(boolean)
9fb5 9fc4 com.ridgesoft.intellibrain.IntelliBrainPinPort.<init>(com.ridgesoft.intellibrain.IntelliBrainPinPortData)
a047 a093 com.ridgesoft.intellibrain.IntelliBrainDigitalIO.setDirection(boolean)
a097 a0a7 com.ridgesoft.intellibrain.IntelliBrainDigitalIO.<init>(com.ridgesoft.intellibrain.IntelliBrainPinPortData, boolean)
a0ac a0e5 com.ridgesoft.intellibrain.IntelliBrainDigitalIO.enablePulseMeasurement(boolean)
a0ea a115 com.ridgesoft.intellibrain.IntelliBrainDigitalIO.isSet()
a11a a133 com.ridgesoft.intellibrain.IntelliBrainDigitalIO.set()
a138 a151 com.ridgesoft.intellibrain.IntelliBrainDigitalIO.clear()
a15b a163 com.ridgesoft.intellibrain.IntelliBrainDigitalIO.toString()
a168 a193 com.ridgesoft.intellibrain.IntelliBrainDigitalIO.pulse(int)
a19d a1b2 com.ridgesoft.intellibrain.IntelliBrainDigitalIO.readPulseDuration()
a1fa a206 com.ridgesoft.intellibrain.IntelliBrainExpDigitalIO.<init>(com.ridgesoft.intellibrain.IntelliBrainPinPortData)
a20b a218 com.ridgesoft.intellibrain.IntelliBrainExpDigitalIO.setPullUp(boolean)
a21d a24d com.ridgesoft.intellibrain.IntelliBrainExpDigitalIO.setDirection(boolean)
a29c a2a3 com.ridgesoft.intellibrain.IntelliBrainAnalogInput.<clinit>()
a2a8 a2b3 com.ridgesoft.intellibrain.IntelliBrainAnalogInput.sample()
a2b7 a2c0 com.ridgesoft.intellibrain.IntelliBrainAnalogInput.enableAToD()
a2c4 a2e8 com.ridgesoft.intellibrain.IntelliBrainAnalogInput.sample(byte)
a2ed a2f5 com.ridgesoft.intellibrain.IntelliBrainAnalogInput.toString()
a340 a355 com.ridgesoft.intellibrain.IntelliBrainExpAnalogInput.<init>(com.ridgesoft.intellibrain.IntelliBrainPinPortData, byte, boolean)
a35a a373 com.ridgesoft.intellibrain.IntelliBrainExpAnalogInput.setPullUp(boolean)
a378 a37d com.ridgesoft.intellibrain.IntelliBrainExpAnalogInput.sample()
a381 a3a2 com.ridgesoft.intellibrain.IntelliBrainExpAnalogInput.expansionSample(com.ridgesoft.intellibrain.IntelliBrainExpAnalogInput)
a3ab a3b1 com.ridgesoft.intellibrain.IntelliBrainExpAnalogInput.setMuxPortPullUp(boolean)
a458 a47e NewWayFlameSensor.<init>(com.ridgesoft.robotics.AnalogInput[], int, int)
a483 a4cc NewWayFlameSensor.scan()
a4d1 a4d6 NewWayFlameSensor.getValue()
a4db a4e0 NewWayFlameSensor.getDirection()
a520 a525 java.lang.Class.getName()
a529 a533 java.lang.Class.<init>(java.lang.String)
a59b a5b6 java.lang.StringBuilder.<init>(java.lang.String)
a5bb a5e4 java.lang.StringBuilder.append(java.lang.String)
a5e9 a5fa java.lang.StringBuilder.toString()
a5ff a638 java.lang.StringBuilder.ensureCapacity(int)
a63d a698 java.lang.StringBuilder.append(int)
a69d a6ca java.lang.StringBuilder.append(char[], int, int)
a6ce a6e0 java.lang.StringBuilder.<init>()
a6e5 a6f7 java.lang.StringBuilder.append(boolean)
a71e a762 java.lang.Integer.toHexString(int)
a767 a76f java.lang.Integer.toString()
a773 a782 java.lang.Integer.toString(int)
a7be a7c9 com.ridgesoft.intellibrain.IntelliBrainServo.<init>(int)
a7ce a7d7 com.ridgesoft.intellibrain.IntelliBrainServo.off()
a7dc a7e5 com.ridgesoft.intellibrain.IntelliBrainServo.setPosition(int)
a897 a8a1 com.ridgesoft.io.Display.print(int, java.lang.String)
a8a6 a8ab com.ridgesoft.io.Display.getWidth()
a8b0 a8b5 com.ridgesoft.io.Display.getHeight()
a8b9 a8ca com.ridgesoft.io.Display.<init>(int, int)
a8cf a903 com.ridgesoft.io.Display.print(int, byte[])
a93d a945 com.ridgesoft.intellibrain.IntelliBrainDisplay.<init>()
a94a a951 com.ridgesoft.intellibrain.IntelliBrainDisplay.printChar(int, int, byte)
a992 a9b2 com.ridgesoft.intellibrain.IntelliBrainPinPortData.<init>(byte, short, short, short, byte)
aa56 aa61 com.ridgesoft.intellibrain.IntelliBrainMotor.<init>(int)
aa66 aa84 com.ridgesoft.intellibrain.IntelliBrainMotor.setPower(int)
aa89 aa8f com.ridgesoft.intellibrain.IntelliBrainMotor.stop()
ab04 ab1f java.lang.StringBuffer.<init>(java.lang.String)
ab24 ab7f java.lang.StringBuffer.append(int)
ab84 abad java.lang.StringBuffer.append(java.lang.String)
abb2 abc3 java.lang.StringBuffer.toString()
abc8 abf5 java.lang.StringBuffer.append(char[], int, int)
abfa ac33 java.lang.StringBuffer.ensureCapacity(int)
ac5a ac69 java.lang.Boolean.toString(boolean)
ac6e ac76 java.lang.Boolean.toString()
